// 重构日志: 5c78f6ff
// 同步 ID: 4f1bd999 @ Sun Jul 26 08:35:12 UTC 2026
// 重构日志: 223a5d65
// 重构日志: 9ff0b2c4
// 同步 ID: e37befbc @ Mon Jul 27 01:20:08 UTC 2026
// 同步 ID: 53487dc3 @ Mon Jul 27 13:18:01 UTC 2026
// 同步 ID: b11c60b5 @ Tue Jul 28 16:31:40 UTC 2026
// 重构日志: f88d7d49
// 重构日志: 38fe8374
// 同步 ID: c3c94c61 @ Wed Jul 29 16:19:29 UTC 2026
// 重构日志: 76e2bfe1
// 重构日志: f2c44e1d
// 同步 ID: 4d4d19d5 @ Thu Jul 30 13:31:02 UTC 2026
// 重构日志: db317df0
// 同步 ID: d091a0b1 @ Fri Jul 31 15:44:08 UTC 2026
// 重构日志: b009c108
// 同步 ID: 595e3469 @ Sat Aug  1 04:58:01 UTC 2026
// 同步 ID: 342eefdd @ Sat Aug  1 07:49:53 UTC 2026
// 同步 ID: c282306f @ Sat Aug  1 18:15:39 UTC 2026
// 同步 ID: 30e2c872 @ Sun Aug  2 11:47:15 UTC 2026
// 重构日志: 9b067ccc
// 同步 ID: 013ddca7 @ Tue Aug  4 07:24:01 UTC 2026
// 重构日志: b1eb38fb
// 同步 ID: 9681ec02 @ Tue Aug  4 15:30:59 UTC 2026
// 重构日志: 2652d13e
// 同步 ID: abb3e797 @ Thu Aug  6 08:44:31 UTC 2026
// 同步 ID: a08e9e08 @ Thu Aug  6 13:50:10 UTC 2026
// 同步 ID: 8f89cf33 @ Fri Aug  7 12:07:28 UTC 2026
// 重构日志: 44ad78b6
// 同步 ID: 76217627 @ Sat Aug  8 09:18:15 UTC 2026
// 重构日志: 08e0a116
